Analysis & Synthesis report for RISCV-Multicore-Project
Sun Jun 28 08:45:53 2026
Quartus II 64-Bit Version 13.0.1 Build 232 06/12/2013 Service Pack 1 SJ Web Edition


---------------------
; Table of Contents ;
---------------------
  1. Legal Notice
  2. Analysis & Synthesis Summary
  3. Analysis & Synthesis Settings
  4. Parallel Compilation
  5. Analysis & Synthesis Source Files Read
  6. Analysis & Synthesis Resource Usage Summary
  7. Analysis & Synthesis Resource Utilization by Entity
  8. Logic Cells Representing Combinational Loops
  9. Registers Removed During Synthesis
 10. General Register Statistics
 11. Inverted Register Statistics
 12. Multiplexer Restructuring Statistics (Restructuring Performed)
 13. Parameter Settings for User Entity Instance: Instruction_Memory:ROM_Core0
 14. Parameter Settings for User Entity Instance: Instruction_Memory:ROM_Core1
 15. Port Connectivity Checks: "crossbar_2x3:Interconnect"
 16. Port Connectivity Checks: "RISCV_Core:Core_0|Core_Datapath:Datapath|Result_Mux:Result_Mux_inst"
 17. Port Connectivity Checks: "RISCV_Core:Core_0|Control_Unit:Control"
 18. Elapsed Time Per Partition
 19. Analysis & Synthesis Messages
 20. Analysis & Synthesis Suppressed Messages



----------------
; Legal Notice ;
----------------
Copyright (C) 1991-2013 Altera Corporation
Your use of Altera Corporation's design tools, logic functions 
and other software and tools, and its AMPP partner logic 
functions, and any output files from any of the foregoing 
(including device programming or simulation files), and any 
associated documentation or information are expressly subject 
to the terms and conditions of the Altera Program License 
Subscription Agreement, Altera MegaCore Function License 
Agreement, or other applicable license agreement, including, 
without limitation, that your use is for the sole purpose of 
programming logic devices manufactured by Altera and sold by 
Altera or its authorized distributors.  Please refer to the 
applicable agreement for further details.



+--------------------------------------------------------------------------------------+
; Analysis & Synthesis Summary                                                         ;
+------------------------------------+-------------------------------------------------+
; Analysis & Synthesis Status        ; Successful - Sun Jun 28 08:45:52 2026           ;
; Quartus II 64-Bit Version          ; 13.0.1 Build 232 06/12/2013 SP 1 SJ Web Edition ;
; Revision Name                      ; RISCV-Multicore-Project                         ;
; Top-level Entity Name              ; DualCore_Top                                    ;
; Family                             ; Cyclone IV E                                    ;
; Total logic elements               ; 35,950                                          ;
;     Total combinational functions  ; 17,670                                          ;
;     Dedicated logic registers      ; 18,572                                          ;
; Total registers                    ; 18572                                           ;
; Total pins                         ; 34                                              ;
; Total virtual pins                 ; 0                                               ;
; Total memory bits                  ; 0                                               ;
; Embedded Multiplier 9-bit elements ; 0                                               ;
; Total PLLs                         ; 0                                               ;
+------------------------------------+-------------------------------------------------+


+---------------------------------------------------------------------------------------------------------------------------+
; Analysis & Synthesis Settings                                                                                             ;
+----------------------------------------------------------------------------+--------------------+-------------------------+
; Option                                                                     ; Setting            ; Default Value           ;
+----------------------------------------------------------------------------+--------------------+-------------------------+
; Top-level entity name                                                      ; DualCore_Top       ; RISCV-Multicore-Project ;
; Family name                                                                ; Cyclone IV E       ; Cyclone IV GX           ;
; Use smart compilation                                                      ; Off                ; Off                     ;
; Enable parallel Assembler and TimeQuest Timing Analyzer during compilation ; On                 ; On                      ;
; Enable compact report table                                                ; Off                ; Off                     ;
; Restructure Multiplexers                                                   ; Auto               ; Auto                    ;
; Create Debugging Nodes for IP Cores                                        ; Off                ; Off                     ;
; Preserve fewer node names                                                  ; On                 ; On                      ;
; Disable OpenCore Plus hardware evaluation                                  ; Off                ; Off                     ;
; Verilog Version                                                            ; Verilog_2001       ; Verilog_2001            ;
; VHDL Version                                                               ; VHDL_1993          ; VHDL_1993               ;
; State Machine Processing                                                   ; Auto               ; Auto                    ;
; Safe State Machine                                                         ; Off                ; Off                     ;
; Extract Verilog State Machines                                             ; On                 ; On                      ;
; Extract VHDL State Machines                                                ; On                 ; On                      ;
; Ignore Verilog initial constructs                                          ; Off                ; Off                     ;
; Iteration limit for constant Verilog loops                                 ; 5000               ; 5000                    ;
; Iteration limit for non-constant Verilog loops                             ; 250                ; 250                     ;
; Add Pass-Through Logic to Inferred RAMs                                    ; On                 ; On                      ;
; Infer RAMs from Raw Logic                                                  ; On                 ; On                      ;
; Parallel Synthesis                                                         ; On                 ; On                      ;
; DSP Block Balancing                                                        ; Auto               ; Auto                    ;
; NOT Gate Push-Back                                                         ; On                 ; On                      ;
; Power-Up Don't Care                                                        ; On                 ; On                      ;
; Remove Redundant Logic Cells                                               ; Off                ; Off                     ;
; Remove Duplicate Registers                                                 ; On                 ; On                      ;
; Ignore CARRY Buffers                                                       ; Off                ; Off                     ;
; Ignore CASCADE Buffers                                                     ; Off                ; Off                     ;
; Ignore GLOBAL Buffers                                                      ; Off                ; Off                     ;
; Ignore ROW GLOBAL Buffers                                                  ; Off                ; Off                     ;
; Ignore LCELL Buffers                                                       ; Off                ; Off                     ;
; Ignore SOFT Buffers                                                        ; On                 ; On                      ;
; Limit AHDL Integers to 32 Bits                                             ; Off                ; Off                     ;
; Optimization Technique                                                     ; Balanced           ; Balanced                ;
; Carry Chain Length                                                         ; 70                 ; 70                      ;
; Auto Carry Chains                                                          ; On                 ; On                      ;
; Auto Open-Drain Pins                                                       ; On                 ; On                      ;
; Perform WYSIWYG Primitive Resynthesis                                      ; Off                ; Off                     ;
; Auto ROM Replacement                                                       ; On                 ; On                      ;
; Auto RAM Replacement                                                       ; On                 ; On                      ;
; Auto DSP Block Replacement                                                 ; On                 ; On                      ;
; Auto Shift Register Replacement                                            ; Auto               ; Auto                    ;
; Allow Shift Register Merging across Hierarchies                            ; Auto               ; Auto                    ;
; Auto Clock Enable Replacement                                              ; On                 ; On                      ;
; Strict RAM Replacement                                                     ; Off                ; Off                     ;
; Allow Synchronous Control Signals                                          ; On                 ; On                      ;
; Force Use of Synchronous Clear Signals                                     ; Off                ; Off                     ;
; Auto RAM Block Balancing                                                   ; On                 ; On                      ;
; Auto RAM to Logic Cell Conversion                                          ; Off                ; Off                     ;
; Auto Resource Sharing                                                      ; Off                ; Off                     ;
; Allow Any RAM Size For Recognition                                         ; Off                ; Off                     ;
; Allow Any ROM Size For Recognition                                         ; Off                ; Off                     ;
; Allow Any Shift Register Size For Recognition                              ; Off                ; Off                     ;
; Use LogicLock Constraints during Resource Balancing                        ; On                 ; On                      ;
; Ignore translate_off and synthesis_off directives                          ; Off                ; Off                     ;
; Timing-Driven Synthesis                                                    ; On                 ; On                      ;
; Report Parameter Settings                                                  ; On                 ; On                      ;
; Report Source Assignments                                                  ; On                 ; On                      ;
; Report Connectivity Checks                                                 ; On                 ; On                      ;
; Ignore Maximum Fan-Out Assignments                                         ; Off                ; Off                     ;
; Synchronization Register Chain Length                                      ; 2                  ; 2                       ;
; PowerPlay Power Optimization                                               ; Normal compilation ; Normal compilation      ;
; HDL message level                                                          ; Level2             ; Level2                  ;
; Suppress Register Optimization Related Messages                            ; Off                ; Off                     ;
; Number of Removed Registers Reported in Synthesis Report                   ; 5000               ; 5000                    ;
; Number of Swept Nodes Reported in Synthesis Report                         ; 5000               ; 5000                    ;
; Number of Inverted Registers Reported in Synthesis Report                  ; 100                ; 100                     ;
; Clock MUX Protection                                                       ; On                 ; On                      ;
; Auto Gated Clock Conversion                                                ; Off                ; Off                     ;
; Block Design Naming                                                        ; Auto               ; Auto                    ;
; SDC constraint protection                                                  ; Off                ; Off                     ;
; Synthesis Effort                                                           ; Auto               ; Auto                    ;
; Shift Register Replacement - Allow Asynchronous Clear Signal               ; On                 ; On                      ;
; Pre-Mapping Resynthesis Optimization                                       ; Off                ; Off                     ;
; Analysis & Synthesis Message Level                                         ; Medium             ; Medium                  ;
; Disable Register Merging Across Hierarchies                                ; Auto               ; Auto                    ;
; Resource Aware Inference For Block RAM                                     ; On                 ; On                      ;
; Synthesis Seed                                                             ; 1                  ; 1                       ;
+----------------------------------------------------------------------------+--------------------+-------------------------+


+------------------------------------------+
; Parallel Compilation                     ;
+----------------------------+-------------+
; Processors                 ; Number      ;
+----------------------------+-------------+
; Number detected on machine ; 16          ;
; Maximum allowed            ; 8           ;
;                            ;             ;
; Average used               ; 1.05        ;
; Maximum used               ; 8           ;
;                            ;             ;
; Usage by Processor         ; % Time Used ;
;     Processor 1            ; 100.0%      ;
;     Processors 2-8         ;   0.7%      ;
;     Processors 9-16        ;   0.0%      ;
+----------------------------+-------------+


+------------------------------------------------------------------------------------------------------------------------------------------------------+
; Analysis & Synthesis Source Files Read                                                                                                               ;
+------------------------------------+-----------------+------------------------+------------------------------------------------------------+---------+
; File Name with User-Entered Path   ; Used in Netlist ; File Type              ; File Name with Absolute Path                               ; Library ;
+------------------------------------+-----------------+------------------------+------------------------------------------------------------+---------+
; ../rtl/core/RISCV_Core.v           ; yes             ; User Verilog HDL File  ; D:/RISCV-Multicore-Project/rtl/core/RISCV_Core.v           ;         ;
; ../rtl/core/Result_Mux.v           ; yes             ; User Verilog HDL File  ; D:/RISCV-Multicore-Project/rtl/core/Result_Mux.v           ;         ;
; ../rtl/core/Register_File.v        ; yes             ; User Verilog HDL File  ; D:/RISCV-Multicore-Project/rtl/core/Register_File.v        ;         ;
; ../rtl/core/PC_Target.v            ; yes             ; User Verilog HDL File  ; D:/RISCV-Multicore-Project/rtl/core/PC_Target.v            ;         ;
; ../rtl/core/PC_Plus_4.v            ; yes             ; User Verilog HDL File  ; D:/RISCV-Multicore-Project/rtl/core/PC_Plus_4.v            ;         ;
; ../rtl/core/PC.v                   ; yes             ; User Verilog HDL File  ; D:/RISCV-Multicore-Project/rtl/core/PC.v                   ;         ;
; ../rtl/core/Main_Decoder.v         ; yes             ; User Verilog HDL File  ; D:/RISCV-Multicore-Project/rtl/core/Main_Decoder.v         ;         ;
; ../rtl/core/Extend.v               ; yes             ; User Verilog HDL File  ; D:/RISCV-Multicore-Project/rtl/core/Extend.v               ;         ;
; ../rtl/core/Core_Datapath.v        ; yes             ; User Verilog HDL File  ; D:/RISCV-Multicore-Project/rtl/core/Core_Datapath.v        ;         ;
; ../rtl/core/Control_Unit.v         ; yes             ; User Verilog HDL File  ; D:/RISCV-Multicore-Project/rtl/core/Control_Unit.v         ;         ;
; ../rtl/core/ALU_Mux.v              ; yes             ; User Verilog HDL File  ; D:/RISCV-Multicore-Project/rtl/core/ALU_Mux.v              ;         ;
; ../rtl/core/ALU_decoder.v          ; yes             ; User Verilog HDL File  ; D:/RISCV-Multicore-Project/rtl/core/ALU_decoder.v          ;         ;
; ../rtl/core/ALU.v                  ; yes             ; User Verilog HDL File  ; D:/RISCV-Multicore-Project/rtl/core/ALU.v                  ;         ;
; ../rtl/interconnect/crossbar_2x3.v ; yes             ; User Verilog HDL File  ; D:/RISCV-Multicore-Project/rtl/interconnect/crossbar_2x3.v ;         ;
; ../rtl/ip/InterCore_Ctrl.v         ; yes             ; User Verilog HDL File  ; D:/RISCV-Multicore-Project/rtl/ip/InterCore_Ctrl.v         ;         ;
; ../rtl/memory/Instruction_Memory.v ; yes             ; User Verilog HDL File  ; D:/RISCV-Multicore-Project/rtl/memory/Instruction_Memory.v ;         ;
; ../rtl/memory/Data_Memory.v        ; yes             ; User Verilog HDL File  ; D:/RISCV-Multicore-Project/rtl/memory/Data_Memory.v        ;         ;
; ../rtl/DualCore_Top.v              ; yes             ; User Verilog HDL File  ; D:/RISCV-Multicore-Project/rtl/DualCore_Top.v              ;         ;
+------------------------------------+-----------------+------------------------+------------------------------------------------------------+---------+


+---------------------------------------------------------+
; Analysis & Synthesis Resource Usage Summary             ;
+---------------------------------------------+-----------+
; Resource                                    ; Usage     ;
+---------------------------------------------+-----------+
; Estimated Total logic elements              ; 35,950    ;
;                                             ;           ;
; Total combinational functions               ; 17670     ;
; Logic element usage by number of LUT inputs ;           ;
;     -- 4 input functions                    ; 15915     ;
;     -- 3 input functions                    ; 1453      ;
;     -- <=2 input functions                  ; 302       ;
;                                             ;           ;
; Logic elements by mode                      ;           ;
;     -- normal mode                          ; 17362     ;
;     -- arithmetic mode                      ; 308       ;
;                                             ;           ;
; Total registers                             ; 18572     ;
;     -- Dedicated logic registers            ; 18572     ;
;     -- I/O registers                        ; 0         ;
;                                             ;           ;
; I/O pins                                    ; 34        ;
; Embedded Multiplier 9-bit elements          ; 0         ;
; Maximum fan-out node                        ; clk~input ;
; Maximum fan-out                             ; 18572     ;
; Total fan-out                               ; 124603    ;
; Average fan-out                             ; 3.43      ;
+---------------------------------------------+-----------+


+--------------------------------------------------------------------------------------------------------------------------------------------------------------------------------------------------------------------------------------------------------+
; Analysis & Synthesis Resource Utilization by Entity                                                                                                                                                                                                    ;
+----------------------------------------+-------------------+--------------+-------------+--------------+---------+-----------+------+--------------+------------------------------------------------------------------------------------+--------------+
; Compilation Hierarchy Node             ; LC Combinationals ; LC Registers ; Memory Bits ; DSP Elements ; DSP 9x9 ; DSP 18x18 ; Pins ; Virtual Pins ; Full Hierarchy Name                                                                ; Library Name ;
+----------------------------------------+-------------------+--------------+-------------+--------------+---------+-----------+------+--------------+------------------------------------------------------------------------------------+--------------+
; |DualCore_Top                          ; 17670 (34)        ; 18572 (0)    ; 0           ; 0            ; 0       ; 0         ; 34   ; 0            ; |DualCore_Top                                                                      ; work         ;
;    |Data_Memory:Shared_RAM_Bank0|      ; 5757 (5757)       ; 8192 (8192)  ; 0           ; 0            ; 0       ; 0         ; 0    ; 0            ; |DualCore_Top|Data_Memory:Shared_RAM_Bank0                                         ; work         ;
;    |Data_Memory:Shared_RAM_Bank1|      ; 5757 (5757)       ; 8192 (8192)  ; 0           ; 0            ; 0       ; 0         ; 0    ; 0            ; |DualCore_Top|Data_Memory:Shared_RAM_Bank1                                         ; work         ;
;    |Instruction_Memory:ROM_Core0|      ; 359 (359)         ; 0 (0)        ; 0           ; 0            ; 0       ; 0         ; 0    ; 0            ; |DualCore_Top|Instruction_Memory:ROM_Core0                                         ; work         ;
;    |Instruction_Memory:ROM_Core1|      ; 356 (356)         ; 0 (0)        ; 0           ; 0            ; 0       ; 0         ; 0    ; 0            ; |DualCore_Top|Instruction_Memory:ROM_Core1                                         ; work         ;
;    |InterCore_Ctrl:ICC_Inst|           ; 98 (98)           ; 67 (67)      ; 0           ; 0            ; 0       ; 0         ; 0    ; 0            ; |DualCore_Top|InterCore_Ctrl:ICC_Inst                                              ; work         ;
;    |RISCV_Core:Core_0|                 ; 2588 (26)         ; 1059 (3)     ; 0           ; 0            ; 0       ; 0         ; 0    ; 0            ; |DualCore_Top|RISCV_Core:Core_0                                                    ; work         ;
;       |Control_Unit:Control|           ; 60 (6)            ; 0 (0)        ; 0           ; 0            ; 0       ; 0         ; 0    ; 0            ; |DualCore_Top|RISCV_Core:Core_0|Control_Unit:Control                               ; work         ;
;          |ALU_decoder:ALU_decoder|     ; 28 (28)           ; 0 (0)        ; 0           ; 0            ; 0       ; 0         ; 0    ; 0            ; |DualCore_Top|RISCV_Core:Core_0|Control_Unit:Control|ALU_decoder:ALU_decoder       ; work         ;
;          |Main_Decoder:Main_Decoder|   ; 26 (26)           ; 0 (0)        ; 0           ; 0            ; 0       ; 0         ; 0    ; 0            ; |DualCore_Top|RISCV_Core:Core_0|Control_Unit:Control|Main_Decoder:Main_Decoder     ; work         ;
;       |Core_Datapath:Datapath|         ; 2502 (0)          ; 1056 (0)     ; 0           ; 0            ; 0       ; 0         ; 0    ; 0            ; |DualCore_Top|RISCV_Core:Core_0|Core_Datapath:Datapath                             ; work         ;
;          |ALU:ALU_inst|                ; 779 (779)         ; 0 (0)        ; 0           ; 0            ; 0       ; 0         ; 0    ; 0            ; |DualCore_Top|RISCV_Core:Core_0|Core_Datapath:Datapath|ALU:ALU_inst                ; work         ;
;          |ALU_Mux:ALU_Mux_inst|        ; 43 (43)           ; 0 (0)        ; 0           ; 0            ; 0       ; 0         ; 0    ; 0            ; |DualCore_Top|RISCV_Core:Core_0|Core_Datapath:Datapath|ALU_Mux:ALU_Mux_inst        ; work         ;
;          |Extend:Extend_inst|          ; 46 (46)           ; 0 (0)        ; 0           ; 0            ; 0       ; 0         ; 0    ; 0            ; |DualCore_Top|RISCV_Core:Core_0|Core_Datapath:Datapath|Extend:Extend_inst          ; work         ;
;          |PC:PC_inst|                  ; 33 (33)           ; 32 (32)      ; 0           ; 0            ; 0       ; 0         ; 0    ; 0            ; |DualCore_Top|RISCV_Core:Core_0|Core_Datapath:Datapath|PC:PC_inst                  ; work         ;
;          |PC_Plus_4:PCPlus4_inst|      ; 30 (30)           ; 0 (0)        ; 0           ; 0            ; 0       ; 0         ; 0    ; 0            ; |DualCore_Top|RISCV_Core:Core_0|Core_Datapath:Datapath|PC_Plus_4:PCPlus4_inst      ; work         ;
;          |PC_Target:PCTarget_inst|     ; 32 (32)           ; 0 (0)        ; 0           ; 0            ; 0       ; 0         ; 0    ; 0            ; |DualCore_Top|RISCV_Core:Core_0|Core_Datapath:Datapath|PC_Target:PCTarget_inst     ; work         ;
;          |Register_File:Register_inst| ; 1440 (1440)       ; 1024 (1024)  ; 0           ; 0            ; 0       ; 0         ; 0    ; 0            ; |DualCore_Top|RISCV_Core:Core_0|Core_Datapath:Datapath|Register_File:Register_inst ; work         ;
;          |Result_Mux:Result_Mux_inst|  ; 99 (99)           ; 0 (0)        ; 0           ; 0            ; 0       ; 0         ; 0    ; 0            ; |DualCore_Top|RISCV_Core:Core_0|Core_Datapath:Datapath|Result_Mux:Result_Mux_inst  ; work         ;
;    |RISCV_Core:Core_1|                 ; 2581 (26)         ; 1059 (3)     ; 0           ; 0            ; 0       ; 0         ; 0    ; 0            ; |DualCore_Top|RISCV_Core:Core_1                                                    ; work         ;
;       |Control_Unit:Control|           ; 62 (7)            ; 0 (0)        ; 0           ; 0            ; 0       ; 0         ; 0    ; 0            ; |DualCore_Top|RISCV_Core:Core_1|Control_Unit:Control                               ; work         ;
;          |ALU_decoder:ALU_decoder|     ; 30 (30)           ; 0 (0)        ; 0           ; 0            ; 0       ; 0         ; 0    ; 0            ; |DualCore_Top|RISCV_Core:Core_1|Control_Unit:Control|ALU_decoder:ALU_decoder       ; work         ;
;          |Main_Decoder:Main_Decoder|   ; 25 (25)           ; 0 (0)        ; 0           ; 0            ; 0       ; 0         ; 0    ; 0            ; |DualCore_Top|RISCV_Core:Core_1|Control_Unit:Control|Main_Decoder:Main_Decoder     ; work         ;
;       |Core_Datapath:Datapath|         ; 2493 (0)          ; 1056 (0)     ; 0           ; 0            ; 0       ; 0         ; 0    ; 0            ; |DualCore_Top|RISCV_Core:Core_1|Core_Datapath:Datapath                             ; work         ;
;          |ALU:ALU_inst|                ; 775 (775)         ; 0 (0)        ; 0           ; 0            ; 0       ; 0         ; 0    ; 0            ; |DualCore_Top|RISCV_Core:Core_1|Core_Datapath:Datapath|ALU:ALU_inst                ; work         ;
;          |ALU_Mux:ALU_Mux_inst|        ; 43 (43)           ; 0 (0)        ; 0           ; 0            ; 0       ; 0         ; 0    ; 0            ; |DualCore_Top|RISCV_Core:Core_1|Core_Datapath:Datapath|ALU_Mux:ALU_Mux_inst        ; work         ;
;          |Extend:Extend_inst|          ; 46 (46)           ; 0 (0)        ; 0           ; 0            ; 0       ; 0         ; 0    ; 0            ; |DualCore_Top|RISCV_Core:Core_1|Core_Datapath:Datapath|Extend:Extend_inst          ; work         ;
;          |PC:PC_inst|                  ; 33 (33)           ; 32 (32)      ; 0           ; 0            ; 0       ; 0         ; 0    ; 0            ; |DualCore_Top|RISCV_Core:Core_1|Core_Datapath:Datapath|PC:PC_inst                  ; work         ;
;          |PC_Plus_4:PCPlus4_inst|      ; 30 (30)           ; 0 (0)        ; 0           ; 0            ; 0       ; 0         ; 0    ; 0            ; |DualCore_Top|RISCV_Core:Core_1|Core_Datapath:Datapath|PC_Plus_4:PCPlus4_inst      ; work         ;
;          |PC_Target:PCTarget_inst|     ; 32 (32)           ; 0 (0)        ; 0           ; 0            ; 0       ; 0         ; 0    ; 0            ; |DualCore_Top|RISCV_Core:Core_1|Core_Datapath:Datapath|PC_Target:PCTarget_inst     ; work         ;
;          |Register_File:Register_inst| ; 1435 (1435)       ; 1024 (1024)  ; 0           ; 0            ; 0       ; 0         ; 0    ; 0            ; |DualCore_Top|RISCV_Core:Core_1|Core_Datapath:Datapath|Register_File:Register_inst ; work         ;
;          |Result_Mux:Result_Mux_inst|  ; 99 (99)           ; 0 (0)        ; 0           ; 0            ; 0       ; 0         ; 0    ; 0            ; |DualCore_Top|RISCV_Core:Core_1|Core_Datapath:Datapath|Result_Mux:Result_Mux_inst  ; work         ;
;    |crossbar_2x3:Interconnect|         ; 140 (140)         ; 3 (3)        ; 0           ; 0            ; 0       ; 0         ; 0    ; 0            ; |DualCore_Top|crossbar_2x3:Interconnect                                            ; work         ;
+----------------------------------------+-------------------+--------------+-------------+--------------+---------+-----------+------+--------------+------------------------------------------------------------------------------------+--------------+
Note: For table entries with two numbers listed, the numbers in parentheses indicate the number of resources of the given type used by the specific entity alone. The numbers listed outside of parentheses indicate the total resources of the given type used by the specific entity and all of its sub-entities in the hierarchy.


+------------------------------------------------------------+
; Logic Cells Representing Combinational Loops               ;
+--------------------------------------------------------+---+
; Logic Cell Name                                        ;   ;
+--------------------------------------------------------+---+
; RISCV_Core:Core_0|Equal0~0                             ;   ;
; RISCV_Core:Core_0|PC[2]~0                              ;   ;
; Instruction_Memory:ROM_Core0|I_MEM_BLOCK~0             ;   ;
; RISCV_Core:Core_1|Equal0~0                             ;   ;
; RISCV_Core:Core_1|PC[2]~0                              ;   ;
; Instruction_Memory:ROM_Core1|I_MEM_BLOCK~0             ;   ;
; Number of logic cells representing combinational loops ; 6 ;
+--------------------------------------------------------+---+
Note: All cells listed above may not be present at the end of synthesis due to various synthesis optimizations.


+---------------------------------------------------------------------------------+
; Registers Removed During Synthesis                                              ;
+----------------------------------------+----------------------------------------+
; Register name                          ; Reason for Removal                     ;
+----------------------------------------+----------------------------------------+
; RISCV_Core:Core_0|mepc_reg[3..7,9]     ; Stuck at GND due to stuck port data_in ;
; RISCV_Core:Core_1|mepc_reg[3..7,9]     ; Stuck at GND due to stuck port data_in ;
; Total Number of Removed Registers = 12 ;                                        ;
+----------------------------------------+----------------------------------------+


+------------------------------------------------------+
; General Register Statistics                          ;
+----------------------------------------------+-------+
; Statistic                                    ; Value ;
+----------------------------------------------+-------+
; Total registers                              ; 18572 ;
; Number of registers using Synchronous Clear  ; 0     ;
; Number of registers using Synchronous Load   ; 64    ;
; Number of registers using Asynchronous Clear ; 140   ;
; Number of registers using Asynchronous Load  ; 0     ;
; Number of registers using Clock Enable       ; 18564 ;
; Number of registers using Preset             ; 0     ;
+----------------------------------------------+-------+


+--------------------------------------------------+
; Inverted Register Statistics                     ;
+----------------------------------------+---------+
; Inverted Register                      ; Fan out ;
+----------------------------------------+---------+
; RISCV_Core:Core_0|ie_status            ; 10      ;
; RISCV_Core:Core_1|ie_status            ; 10      ;
; Total number of inverted registers = 2 ;         ;
+----------------------------------------+---------+


+------------------------------------------------------------------------------------------------------------------------------------------------------------------------------------------------------------+
; Multiplexer Restructuring Statistics (Restructuring Performed)                                                                                                                                             ;
+--------------------+-----------+---------------+----------------------+------------------------+------------+----------------------------------------------------------------------------------------------+
; Multiplexer Inputs ; Bus Width ; Baseline Area ; Area if Restructured ; Saving if Restructured ; Registered ; Example Multiplexer Output                                                                   ;
+--------------------+-----------+---------------+----------------------+------------------------+------------+----------------------------------------------------------------------------------------------+
; 3:1                ; 30 bits   ; 60 LEs        ; 60 LEs               ; 0 LEs                  ; Yes        ; |DualCore_Top|RISCV_Core:Core_0|Core_Datapath:Datapath|PC:PC_inst|PCReg[9]                   ;
; 3:1                ; 30 bits   ; 60 LEs        ; 60 LEs               ; 0 LEs                  ; Yes        ; |DualCore_Top|RISCV_Core:Core_1|Core_Datapath:Datapath|PC:PC_inst|PCReg[12]                  ;
; 3:1                ; 65 bits   ; 130 LEs       ; 130 LEs              ; 0 LEs                  ; No         ; |DualCore_Top|crossbar_2x3:Interconnect|s2_addr[0]                                           ;
; 3:1                ; 41 bits   ; 82 LEs        ; 82 LEs               ; 0 LEs                  ; No         ; |DualCore_Top|crossbar_2x3:Interconnect|s0_wdata[23]                                         ;
; 3:1                ; 41 bits   ; 82 LEs        ; 82 LEs               ; 0 LEs                  ; No         ; |DualCore_Top|crossbar_2x3:Interconnect|s1_wdata[29]                                         ;
; 3:1                ; 4 bits    ; 8 LEs         ; 8 LEs                ; 0 LEs                  ; No         ; |DualCore_Top|RISCV_Core:Core_0|Core_Datapath:Datapath|Extend:Extend_inst|ImmExt[2]          ;
; 3:1                ; 4 bits    ; 8 LEs         ; 8 LEs                ; 0 LEs                  ; No         ; |DualCore_Top|RISCV_Core:Core_1|Core_Datapath:Datapath|Extend:Extend_inst|ImmExt[3]          ;
; 3:1                ; 8 bits    ; 16 LEs        ; 16 LEs               ; 0 LEs                  ; No         ; |DualCore_Top|RISCV_Core:Core_0|PC[7]                                                        ;
; 3:1                ; 8 bits    ; 16 LEs        ; 16 LEs               ; 0 LEs                  ; No         ; |DualCore_Top|RISCV_Core:Core_1|PC[2]                                                        ;
; 3:1                ; 8 bits    ; 16 LEs        ; 8 LEs                ; 8 LEs                  ; No         ; |DualCore_Top|RISCV_Core:Core_0|Core_Datapath:Datapath|Extend:Extend_inst|ImmExt[14]         ;
; 3:1                ; 8 bits    ; 16 LEs        ; 8 LEs                ; 8 LEs                  ; No         ; |DualCore_Top|RISCV_Core:Core_1|Core_Datapath:Datapath|Extend:Extend_inst|ImmExt[12]         ;
; 6:1                ; 32 bits   ; 128 LEs       ; 96 LEs               ; 32 LEs                 ; No         ; |DualCore_Top|RISCV_Core:Core_1|Core_Datapath:Datapath|Result_Mux:Result_Mux_inst|Result[19] ;
; 6:1                ; 32 bits   ; 128 LEs       ; 96 LEs               ; 32 LEs                 ; No         ; |DualCore_Top|RISCV_Core:Core_0|Core_Datapath:Datapath|Result_Mux:Result_Mux_inst|Result[30] ;
; 18:1               ; 7 bits    ; 84 LEs        ; 56 LEs               ; 28 LEs                 ; No         ; |DualCore_Top|RISCV_Core:Core_0|Core_Datapath:Datapath|ALU:ALU_inst|Selector19               ;
; 19:1               ; 7 bits    ; 84 LEs        ; 56 LEs               ; 28 LEs                 ; No         ; |DualCore_Top|RISCV_Core:Core_0|Core_Datapath:Datapath|ALU:ALU_inst|Selector11               ;
; 18:1               ; 7 bits    ; 84 LEs        ; 56 LEs               ; 28 LEs                 ; No         ; |DualCore_Top|RISCV_Core:Core_1|Core_Datapath:Datapath|ALU:ALU_inst|Selector20               ;
; 19:1               ; 7 bits    ; 84 LEs        ; 56 LEs               ; 28 LEs                 ; No         ; |DualCore_Top|RISCV_Core:Core_1|Core_Datapath:Datapath|ALU:ALU_inst|Selector9                ;
; 19:1               ; 4 bits    ; 48 LEs        ; 32 LEs               ; 16 LEs                 ; No         ; |DualCore_Top|RISCV_Core:Core_0|Core_Datapath:Datapath|ALU:ALU_inst|Selector27               ;
; 20:1               ; 4 bits    ; 52 LEs        ; 32 LEs               ; 20 LEs                 ; No         ; |DualCore_Top|RISCV_Core:Core_0|Core_Datapath:Datapath|ALU:ALU_inst|Selector7                ;
; 19:1               ; 4 bits    ; 48 LEs        ; 32 LEs               ; 16 LEs                 ; No         ; |DualCore_Top|RISCV_Core:Core_1|Core_Datapath:Datapath|ALU:ALU_inst|Selector24               ;
; 20:1               ; 4 bits    ; 52 LEs        ; 32 LEs               ; 20 LEs                 ; No         ; |DualCore_Top|RISCV_Core:Core_1|Core_Datapath:Datapath|ALU:ALU_inst|Selector4                ;
; 20:1               ; 2 bits    ; 26 LEs        ; 20 LEs               ; 6 LEs                  ; No         ; |DualCore_Top|RISCV_Core:Core_0|Core_Datapath:Datapath|ALU:ALU_inst|Selector28               ;
; 21:1               ; 2 bits    ; 28 LEs        ; 18 LEs               ; 10 LEs                 ; No         ; |DualCore_Top|RISCV_Core:Core_0|Core_Datapath:Datapath|ALU:ALU_inst|Selector3                ;
; 20:1               ; 2 bits    ; 26 LEs        ; 20 LEs               ; 6 LEs                  ; No         ; |DualCore_Top|RISCV_Core:Core_1|Core_Datapath:Datapath|ALU:ALU_inst|Selector28               ;
; 21:1               ; 2 bits    ; 28 LEs        ; 18 LEs               ; 10 LEs                 ; No         ; |DualCore_Top|RISCV_Core:Core_1|Core_Datapath:Datapath|ALU:ALU_inst|Selector2                ;
+--------------------+-----------+---------------+----------------------+------------------------+------------+----------------------------------------------------------------------------------------------+


+-----------------------------------------------------------------------------+
; Parameter Settings for User Entity Instance: Instruction_Memory:ROM_Core0   ;
+----------------+---------------------------------------------------+--------+
; Parameter Name ; Value                                             ; Type   ;
+----------------+---------------------------------------------------+--------+
; FILE_NAME      ; D:/RISCV-Multicore-Project/software/asm/core0.txt ; String ;
+----------------+---------------------------------------------------+--------+
Note: In order to hide this table in the UI and the text report file, please set the "Show Parameter Settings in Synthesis Report" option in "Analysis and Synthesis Settings -> More Settings" to "Off".


+-----------------------------------------------------------------------------+
; Parameter Settings for User Entity Instance: Instruction_Memory:ROM_Core1   ;
+----------------+---------------------------------------------------+--------+
; Parameter Name ; Value                                             ; Type   ;
+----------------+---------------------------------------------------+--------+
; FILE_NAME      ; D:/RISCV-Multicore-Project/software/asm/core1.txt ; String ;
+----------------+---------------------------------------------------+--------+
Note: In order to hide this table in the UI and the text report file, please set the "Show Parameter Settings in Synthesis Report" option in "Analysis and Synthesis Settings -> More Settings" to "Off".


+-------------------------------------------------------+
; Port Connectivity Checks: "crossbar_2x3:Interconnect" ;
+----------+--------+----------+------------------------+
; Port     ; Type   ; Severity ; Details                ;
+----------+--------+----------+------------------------+
; m0_stall ; Output ; Info     ; Explicitly unconnected ;
; m0_error ; Output ; Info     ; Explicitly unconnected ;
; m1_stall ; Output ; Info     ; Explicitly unconnected ;
; m1_error ; Output ; Info     ; Explicitly unconnected ;
+----------+--------+----------+------------------------+


+------------------------------------------------------------------------------------------------------------------------------------------------------------------------------------+
; Port Connectivity Checks: "RISCV_Core:Core_0|Core_Datapath:Datapath|Result_Mux:Result_Mux_inst"                                                                                    ;
+-----------+-------+----------+-----------------------------------------------------------------------------------------------------------------------------------------------------+
; Port      ; Type  ; Severity ; Details                                                                                                                                             ;
+-----------+-------+----------+-----------------------------------------------------------------------------------------------------------------------------------------------------+
; ResultSrc ; Input ; Warning  ; Input port expression (2 bits) is smaller than the input port (32 bits) it drives.  Extra input bit(s) "ResultSrc[31..2]" will be connected to GND. ;
+-----------+-------+----------+-----------------------------------------------------------------------------------------------------------------------------------------------------+


+----------------------------------------------------------------------------------------------------------------+
; Port Connectivity Checks: "RISCV_Core:Core_0|Control_Unit:Control"                                             ;
+------+--------+----------+-------------------------------------------------------------------------------------+
; Port ; Type   ; Severity ; Details                                                                             ;
+------+--------+----------+-------------------------------------------------------------------------------------+
; Jump ; Output ; Info     ; Connected to dangling logic. Logic that only feeds a dangling port will be removed. ;
+------+--------+----------+-------------------------------------------------------------------------------------+


+-------------------------------+
; Elapsed Time Per Partition    ;
+----------------+--------------+
; Partition Name ; Elapsed Time ;
+----------------+--------------+
; Top            ; 00:02:24     ;
+----------------+--------------+


+-------------------------------+
; Analysis & Synthesis Messages ;
+-------------------------------+
Info: *******************************************************************
Info: Running Quartus II 64-Bit Analysis & Synthesis
    Info: Version 13.0.1 Build 232 06/12/2013 Service Pack 1 SJ Web Edition
    Info: Processing started: Sun Jun 28 08:43:24 2026
Info: Command: quartus_map --read_settings_files=on --write_settings_files=off RISCV-Multicore-Project -c RISCV-Multicore-Project
Info (11104): Parallel Compilation has detected 16 hyper-threaded processors. However, the extra hyper-threaded processors will not be used by default. Parallel Compilation will use 8 of the 8 physical processors detected instead.
Info (12021): Found 1 design units, including 1 entities, in source file /riscv-multicore-project/archive/rtl/pc_mux.v
    Info (12023): Found entity 1: PC_Mux
Info (12021): Found 1 design units, including 1 entities, in source file /riscv-multicore-project/archive/rtl/crossbar_2x3_sharedbus.v
    Info (12023): Found entity 1: crossbar_2x3_sharedbus
Info (12021): Found 1 design units, including 1 entities, in source file /riscv-multicore-project/archive/rtl/crossbar_2x2.v
    Info (12023): Found entity 1: crossbar_2x2
Info (12021): Found 1 design units, including 1 entities, in source file /riscv-multicore-project/archive/rtl/bus_arbiter.v
    Info (12023): Found entity 1: Bus_Arbiter
Info (12021): Found 1 design units, including 1 entities, in source file /riscv-multicore-project/sim/dualcore_top_tb.v
    Info (12023): Found entity 1: DualCore_Top_tb
Info (12021): Found 1 design units, including 1 entities, in source file /riscv-multicore-project/rtl/core/riscv_core.v
    Info (12023): Found entity 1: RISCV_Core
Info (12021): Found 1 design units, including 1 entities, in source file /riscv-multicore-project/rtl/core/result_mux.v
    Info (12023): Found entity 1: Result_Mux
Info (12021): Found 1 design units, including 1 entities, in source file /riscv-multicore-project/rtl/core/register_file.v
    Info (12023): Found entity 1: Register_File
Info (12021): Found 1 design units, including 1 entities, in source file /riscv-multicore-project/rtl/core/pc_target.v
    Info (12023): Found entity 1: PC_Target
Info (12021): Found 1 design units, including 1 entities, in source file /riscv-multicore-project/rtl/core/pc_plus_4.v
    Info (12023): Found entity 1: PC_Plus_4
Info (12021): Found 1 design units, including 1 entities, in source file /riscv-multicore-project/rtl/core/pc.v
    Info (12023): Found entity 1: PC
Info (12021): Found 1 design units, including 1 entities, in source file /riscv-multicore-project/rtl/core/main_decoder.v
    Info (12023): Found entity 1: Main_Decoder
Info (12021): Found 1 design units, including 1 entities, in source file /riscv-multicore-project/rtl/core/extend.v
    Info (12023): Found entity 1: Extend
Info (12021): Found 1 design units, including 1 entities, in source file /riscv-multicore-project/rtl/core/core_datapath.v
    Info (12023): Found entity 1: Core_Datapath
Info (12021): Found 1 design units, including 1 entities, in source file /riscv-multicore-project/rtl/core/control_unit.v
    Info (12023): Found entity 1: Control_Unit
Info (12021): Found 1 design units, including 1 entities, in source file /riscv-multicore-project/rtl/core/alu_mux.v
    Info (12023): Found entity 1: ALU_Mux
Info (12021): Found 1 design units, including 1 entities, in source file /riscv-multicore-project/rtl/core/alu_decoder.v
    Info (12023): Found entity 1: ALU_decoder
Info (12021): Found 1 design units, including 1 entities, in source file /riscv-multicore-project/rtl/core/alu.v
    Info (12023): Found entity 1: ALU
Info (12021): Found 1 design units, including 1 entities, in source file /riscv-multicore-project/rtl/interconnect/crossbar_2x3.v
    Info (12023): Found entity 1: crossbar_2x3
Info (12021): Found 1 design units, including 1 entities, in source file /riscv-multicore-project/rtl/ip/intercore_ctrl.v
    Info (12023): Found entity 1: InterCore_Ctrl
Info (12021): Found 1 design units, including 1 entities, in source file /riscv-multicore-project/rtl/memory/instruction_memory.v
    Info (12023): Found entity 1: Instruction_Memory
Info (12021): Found 1 design units, including 1 entities, in source file /riscv-multicore-project/rtl/memory/data_memory.v
    Info (12023): Found entity 1: Data_Memory
Info (12021): Found 1 design units, including 1 entities, in source file /riscv-multicore-project/rtl/dualcore_top.v
    Info (12023): Found entity 1: DualCore_Top
Info (12127): Elaborating entity "DualCore_Top" for the top level hierarchy
Info (12128): Elaborating entity "Instruction_Memory" for hierarchy "Instruction_Memory:ROM_Core0"
Warning (10850): Verilog HDL warning at Instruction_Memory.v(11): number of words (117) in memory file does not match the number of elements in the address range [0:255]
Warning (10030): Net "I_MEM_BLOCK.data_a" at Instruction_Memory.v(8) has no driver or initial value, using a default initial value '0'
Warning (10030): Net "I_MEM_BLOCK.waddr_a" at Instruction_Memory.v(8) has no driver or initial value, using a default initial value '0'
Warning (10030): Net "I_MEM_BLOCK.we_a" at Instruction_Memory.v(8) has no driver or initial value, using a default initial value '0'
Info (12128): Elaborating entity "RISCV_Core" for hierarchy "RISCV_Core:Core_0"
Info (12128): Elaborating entity "Control_Unit" for hierarchy "RISCV_Core:Core_0|Control_Unit:Control"
Info (12128): Elaborating entity "Main_Decoder" for hierarchy "RISCV_Core:Core_0|Control_Unit:Control|Main_Decoder:Main_Decoder"
Info (12128): Elaborating entity "ALU_decoder" for hierarchy "RISCV_Core:Core_0|Control_Unit:Control|ALU_decoder:ALU_decoder"
Info (12128): Elaborating entity "Core_Datapath" for hierarchy "RISCV_Core:Core_0|Core_Datapath:Datapath"
Info (12128): Elaborating entity "PC" for hierarchy "RISCV_Core:Core_0|Core_Datapath:Datapath|PC:PC_inst"
Info (12128): Elaborating entity "PC_Plus_4" for hierarchy "RISCV_Core:Core_0|Core_Datapath:Datapath|PC_Plus_4:PCPlus4_inst"
Info (12128): Elaborating entity "PC_Target" for hierarchy "RISCV_Core:Core_0|Core_Datapath:Datapath|PC_Target:PCTarget_inst"
Info (12128): Elaborating entity "Register_File" for hierarchy "RISCV_Core:Core_0|Core_Datapath:Datapath|Register_File:Register_inst"
Info (12128): Elaborating entity "Extend" for hierarchy "RISCV_Core:Core_0|Core_Datapath:Datapath|Extend:Extend_inst"
Info (12128): Elaborating entity "ALU_Mux" for hierarchy "RISCV_Core:Core_0|Core_Datapath:Datapath|ALU_Mux:ALU_Mux_inst"
Info (12128): Elaborating entity "ALU" for hierarchy "RISCV_Core:Core_0|Core_Datapath:Datapath|ALU:ALU_inst"
Warning (10036): Verilog HDL or VHDL warning at ALU.v(12): object "V" assigned a value but never read
Warning (10764): Verilog HDL warning at ALU.v(48): converting signed shift amount to unsigned
Warning (10764): Verilog HDL warning at ALU.v(49): converting signed shift amount to unsigned
Warning (10764): Verilog HDL warning at ALU.v(50): converting signed shift amount to unsigned
Info (12128): Elaborating entity "Result_Mux" for hierarchy "RISCV_Core:Core_0|Core_Datapath:Datapath|Result_Mux:Result_Mux_inst"
Info (12128): Elaborating entity "Instruction_Memory" for hierarchy "Instruction_Memory:ROM_Core1"
Warning (10850): Verilog HDL warning at Instruction_Memory.v(11): number of words (117) in memory file does not match the number of elements in the address range [0:255]
Warning (10030): Net "I_MEM_BLOCK.data_a" at Instruction_Memory.v(8) has no driver or initial value, using a default initial value '0'
Warning (10030): Net "I_MEM_BLOCK.waddr_a" at Instruction_Memory.v(8) has no driver or initial value, using a default initial value '0'
Warning (10030): Net "I_MEM_BLOCK.we_a" at Instruction_Memory.v(8) has no driver or initial value, using a default initial value '0'
Info (12128): Elaborating entity "crossbar_2x3" for hierarchy "crossbar_2x3:Interconnect"
Info (12128): Elaborating entity "Data_Memory" for hierarchy "Data_Memory:Shared_RAM_Bank0"
Info (12128): Elaborating entity "InterCore_Ctrl" for hierarchy "InterCore_Ctrl:ICC_Inst"
Warning (10762): Verilog HDL Case Statement warning at InterCore_Ctrl.v(58): can't check case statement for completeness because the case expression has too many possible states
Warning (10270): Verilog HDL Case Statement warning at InterCore_Ctrl.v(58): incomplete case statement has no default case item
Warning (12010): Port "ResultSrc" on the entity instantiation of "Result_Mux_inst" is connected to a signal of width 2. The formal width of the signal in the module is 32.  The extra bits will be driven by GND.
Info (276014): Found 6 instances of uninferred RAM logic
    Info (276007): RAM logic "Instruction_Memory:ROM_Core0|I_MEM_BLOCK" is uninferred due to asynchronous read logic
    Info (276007): RAM logic "RISCV_Core:Core_0|Core_Datapath:Datapath|Register_File:Register_inst|REG_MEM_BLOCK" is uninferred due to asynchronous read logic
    Info (276007): RAM logic "Instruction_Memory:ROM_Core1|I_MEM_BLOCK" is uninferred due to asynchronous read logic
    Info (276007): RAM logic "RISCV_Core:Core_1|Core_Datapath:Datapath|Register_File:Register_inst|REG_MEM_BLOCK" is uninferred due to asynchronous read logic
    Info (276007): RAM logic "Data_Memory:Shared_RAM_Bank1|RAM" is uninferred due to asynchronous read logic
    Info (276007): RAM logic "Data_Memory:Shared_RAM_Bank0|RAM" is uninferred due to asynchronous read logic
Warning (127007): Memory Initialization File or Hexadecimal (Intel-Format) File "D:/RISCV-Multicore-Project/quartus/db/RISCV-Multicore-Project.ram0_Instruction_Memory_270951d8.hdl.mif" contains "don't care" values -- overwriting them with 0s
Warning (127007): Memory Initialization File or Hexadecimal (Intel-Format) File "D:/RISCV-Multicore-Project/quartus/db/RISCV-Multicore-Project.ram0_Instruction_Memory_6779e440.hdl.mif" contains "don't care" values -- overwriting them with 0s
Warning (127007): Memory Initialization File or Hexadecimal (Intel-Format) File "D:/RISCV-Multicore-Project/quartus/db/RISCV-Multicore-Project.ram0_Data_Memory_76112063.hdl.mif" contains "don't care" values -- overwriting them with 0s
Warning (127007): Memory Initialization File or Hexadecimal (Intel-Format) File "D:/RISCV-Multicore-Project/quartus/db/RISCV-Multicore-Project.ram0_Data_Memory_76112063.hdl.mif" contains "don't care" values -- overwriting them with 0s
Warning (12241): 1 hierarchies have connectivity warnings - see the Connectivity Checks report folder
Info (13000): Registers with preset signals will power-up high
Info (13003): DEV_CLRn pin will set, and not reset, register with preset signal due to NOT Gate Push-Back
Info (286030): Timing-Driven Synthesis is running
Info (144001): Generated suppressed messages file D:/RISCV-Multicore-Project/quartus/output_files/RISCV-Multicore-Project.map.smsg
Info (16010): Generating hard_block partition "hard_block:auto_generated_inst"
    Info (16011): Adding 0 node(s), including 0 DDIO, 0 PLL, 0 transceiver and 0 LCELL
Info (21057): Implemented 36150 device resources after synthesis - the final resource count might be different
    Info (21058): Implemented 2 input pins
    Info (21059): Implemented 32 output pins
    Info (21061): Implemented 36116 logic cells
Info: Quartus II 64-Bit Analysis & Synthesis was successful. 0 errors, 20 warnings
    Info: Peak virtual memory: 4829 megabytes
    Info: Processing ended: Sun Jun 28 08:45:53 2026
    Info: Elapsed time: 00:02:29
    Info: Total CPU time (on all processors): 00:02:28


+------------------------------------------+
; Analysis & Synthesis Suppressed Messages ;
+------------------------------------------+
The suppressed messages can be found in D:/RISCV-Multicore-Project/quartus/output_files/RISCV-Multicore-Project.map.smsg.


