Analysis & Synthesis report for RISCV-Multicore-Project
Sat Jun 27 07:23:27 2026
Quartus II 64-Bit Version 13.0.1 Build 232 06/12/2013 Service Pack 1 SJ Web Edition


---------------------
; Table of Contents ;
---------------------
  1. Legal Notice
  2. Analysis & Synthesis Summary
  3. Analysis & Synthesis Settings
  4. Parallel Compilation
  5. Analysis & Synthesis Source Files Read
  6. Analysis & Synthesis Resource Usage Summary
  7. Analysis & Synthesis Resource Utilization by Entity
  8. General Register Statistics
  9. Parameter Settings for User Entity Instance: Instruction_Memory:ROM_Core0
 10. Parameter Settings for User Entity Instance: Instruction_Memory:ROM_Core1
 11. Port Connectivity Checks: "crossbar_2x3:Interconnect"
 12. Port Connectivity Checks: "RISCV_Core:Core_0|Core_Datapath:Datapath|Result_Mux:Result_Mux_inst"
 13. Port Connectivity Checks: "RISCV_Core:Core_0|Control_Unit:Control"
 14. Elapsed Time Per Partition
 15. Analysis & Synthesis Messages
 16. Analysis & Synthesis Suppressed Messages



----------------
; Legal Notice ;
----------------
Copyright (C) 1991-2013 Altera Corporation
Your use of Altera Corporation's design tools, logic functions 
and other software and tools, and its AMPP partner logic 
functions, and any output files from any of the foregoing 
(including device programming or simulation files), and any 
associated documentation or information are expressly subject 
to the terms and conditions of the Altera Program License 
Subscription Agreement, Altera MegaCore Function License 
Agreement, or other applicable license agreement, including, 
without limitation, that your use is for the sole purpose of 
programming logic devices manufactured by Altera and sold by 
Altera or its authorized distributors.  Please refer to the 
applicable agreement for further details.



+--------------------------------------------------------------------------------------+
; Analysis & Synthesis Summary                                                         ;
+------------------------------------+-------------------------------------------------+
; Analysis & Synthesis Status        ; Successful - Sat Jun 27 07:23:27 2026           ;
; Quartus II 64-Bit Version          ; 13.0.1 Build 232 06/12/2013 SP 1 SJ Web Edition ;
; Revision Name                      ; RISCV-Multicore-Project                         ;
; Top-level Entity Name              ; DualCore_Top                                    ;
; Family                             ; Cyclone II                                      ;
; Total logic elements               ; 0                                               ;
;     Total combinational functions  ; 0                                               ;
;     Dedicated logic registers      ; 0                                               ;
; Total registers                    ; 0                                               ;
; Total pins                         ; 2                                               ;
; Total virtual pins                 ; 0                                               ;
; Total memory bits                  ; 0                                               ;
; Embedded Multiplier 9-bit elements ; 0                                               ;
; Total PLLs                         ; 0                                               ;
+------------------------------------+-------------------------------------------------+


+---------------------------------------------------------------------------------------------------------------------------+
; Analysis & Synthesis Settings                                                                                             ;
+----------------------------------------------------------------------------+--------------------+-------------------------+
; Option                                                                     ; Setting            ; Default Value           ;
+----------------------------------------------------------------------------+--------------------+-------------------------+
; Device                                                                     ; EP2C35F672C6       ;                         ;
; Top-level entity name                                                      ; DualCore_Top       ; RISCV-Multicore-Project ;
; Family name                                                                ; Cyclone II         ; Cyclone IV GX           ;
; Use smart compilation                                                      ; Off                ; Off                     ;
; Enable parallel Assembler and TimeQuest Timing Analyzer during compilation ; On                 ; On                      ;
; Enable compact report table                                                ; Off                ; Off                     ;
; Restructure Multiplexers                                                   ; Auto               ; Auto                    ;
; Create Debugging Nodes for IP Cores                                        ; Off                ; Off                     ;
; Preserve fewer node names                                                  ; On                 ; On                      ;
; Disable OpenCore Plus hardware evaluation                                  ; Off                ; Off                     ;
; Verilog Version                                                            ; Verilog_2001       ; Verilog_2001            ;
; VHDL Version                                                               ; VHDL_1993          ; VHDL_1993               ;
; State Machine Processing                                                   ; Auto               ; Auto                    ;
; Safe State Machine                                                         ; Off                ; Off                     ;
; Extract Verilog State Machines                                             ; On                 ; On                      ;
; Extract VHDL State Machines                                                ; On                 ; On                      ;
; Ignore Verilog initial constructs                                          ; Off                ; Off                     ;
; Iteration limit for constant Verilog loops                                 ; 5000               ; 5000                    ;
; Iteration limit for non-constant Verilog loops                             ; 250                ; 250                     ;
; Add Pass-Through Logic to Inferred RAMs                                    ; On                 ; On                      ;
; Infer RAMs from Raw Logic                                                  ; On                 ; On                      ;
; Parallel Synthesis                                                         ; On                 ; On                      ;
; DSP Block Balancing                                                        ; Auto               ; Auto                    ;
; NOT Gate Push-Back                                                         ; On                 ; On                      ;
; Power-Up Don't Care                                                        ; On                 ; On                      ;
; Remove Redundant Logic Cells                                               ; Off                ; Off                     ;
; Remove Duplicate Registers                                                 ; On                 ; On                      ;
; Ignore CARRY Buffers                                                       ; Off                ; Off                     ;
; Ignore CASCADE Buffers                                                     ; Off                ; Off                     ;
; Ignore GLOBAL Buffers                                                      ; Off                ; Off                     ;
; Ignore ROW GLOBAL Buffers                                                  ; Off                ; Off                     ;
; Ignore LCELL Buffers                                                       ; Off                ; Off                     ;
; Ignore SOFT Buffers                                                        ; On                 ; On                      ;
; Limit AHDL Integers to 32 Bits                                             ; Off                ; Off                     ;
; Optimization Technique                                                     ; Balanced           ; Balanced                ;
; Carry Chain Length                                                         ; 70                 ; 70                      ;
; Auto Carry Chains                                                          ; On                 ; On                      ;
; Auto Open-Drain Pins                                                       ; On                 ; On                      ;
; Perform WYSIWYG Primitive Resynthesis                                      ; Off                ; Off                     ;
; Auto ROM Replacement                                                       ; On                 ; On                      ;
; Auto RAM Replacement                                                       ; On                 ; On                      ;
; Auto Shift Register Replacement                                            ; Auto               ; Auto                    ;
; Allow Shift Register Merging across Hierarchies                            ; Auto               ; Auto                    ;
; Auto Clock Enable Replacement                                              ; On                 ; On                      ;
; Strict RAM Replacement                                                     ; Off                ; Off                     ;
; Allow Synchronous Control Signals                                          ; On                 ; On                      ;
; Force Use of Synchronous Clear Signals                                     ; Off                ; Off                     ;
; Auto RAM to Logic Cell Conversion                                          ; Off                ; Off                     ;
; Auto Resource Sharing                                                      ; Off                ; Off                     ;
; Allow Any RAM Size For Recognition                                         ; Off                ; Off                     ;
; Allow Any ROM Size For Recognition                                         ; Off                ; Off                     ;
; Allow Any Shift Register Size For Recognition                              ; Off                ; Off                     ;
; Use LogicLock Constraints during Resource Balancing                        ; On                 ; On                      ;
; Ignore translate_off and synthesis_off directives                          ; Off                ; Off                     ;
; Timing-Driven Synthesis                                                    ; Off                ; Off                     ;
; Report Parameter Settings                                                  ; On                 ; On                      ;
; Report Source Assignments                                                  ; On                 ; On                      ;
; Report Connectivity Checks                                                 ; On                 ; On                      ;
; Ignore Maximum Fan-Out Assignments                                         ; Off                ; Off                     ;
; Synchronization Register Chain Length                                      ; 2                  ; 2                       ;
; PowerPlay Power Optimization                                               ; Normal compilation ; Normal compilation      ;
; HDL message level                                                          ; Level2             ; Level2                  ;
; Suppress Register Optimization Related Messages                            ; Off                ; Off                     ;
; Number of Removed Registers Reported in Synthesis Report                   ; 5000               ; 5000                    ;
; Number of Swept Nodes Reported in Synthesis Report                         ; 5000               ; 5000                    ;
; Number of Inverted Registers Reported in Synthesis Report                  ; 100                ; 100                     ;
; Clock MUX Protection                                                       ; On                 ; On                      ;
; Auto Gated Clock Conversion                                                ; Off                ; Off                     ;
; Block Design Naming                                                        ; Auto               ; Auto                    ;
; SDC constraint protection                                                  ; Off                ; Off                     ;
; Synthesis Effort                                                           ; Auto               ; Auto                    ;
; Shift Register Replacement - Allow Asynchronous Clear Signal               ; On                 ; On                      ;
; Pre-Mapping Resynthesis Optimization                                       ; Off                ; Off                     ;
; Analysis & Synthesis Message Level                                         ; Medium             ; Medium                  ;
; Disable Register Merging Across Hierarchies                                ; Auto               ; Auto                    ;
; Resource Aware Inference For Block RAM                                     ; On                 ; On                      ;
; Synthesis Seed                                                             ; 1                  ; 1                       ;
+----------------------------------------------------------------------------+--------------------+-------------------------+


+------------------------------------------+
; Parallel Compilation                     ;
+----------------------------+-------------+
; Processors                 ; Number      ;
+----------------------------+-------------+
; Number detected on machine ; 16          ;
; Maximum allowed            ; 8           ;
;                            ;             ;
; Average used               ; 1.00        ;
; Maximum used               ; 1           ;
;                            ;             ;
; Usage by Processor         ; % Time Used ;
;     Processor 1            ; 100.0%      ;
;     Processors 2-16        ;   0.0%      ;
+----------------------------+-------------+


+----------------------------------------------------------------------------------------------------------------------------------------------------+
; Analysis & Synthesis Source Files Read                                                                                                             ;
+----------------------------------+-----------------+------------------------+------------------------------------------------------------+---------+
; File Name with User-Entered Path ; Used in Netlist ; File Type              ; File Name with Absolute Path                               ; Library ;
+----------------------------------+-----------------+------------------------+------------------------------------------------------------+---------+
; rtl/DualCore_Top.v               ; yes             ; User Verilog HDL File  ; D:/RISCV-Multicore-Project/rtl/DualCore_Top.v              ;         ;
; rtl/interconnect/crossbar_2x3.v  ; yes             ; User Verilog HDL File  ; D:/RISCV-Multicore-Project/rtl/interconnect/crossbar_2x3.v ;         ;
; rtl/ip/InterCore_Ctrl.v          ; yes             ; User Verilog HDL File  ; D:/RISCV-Multicore-Project/rtl/ip/InterCore_Ctrl.v         ;         ;
; rtl/memory/Instruction_Memory.v  ; yes             ; User Verilog HDL File  ; D:/RISCV-Multicore-Project/rtl/memory/Instruction_Memory.v ;         ;
; rtl/memory/Data_Memory.v         ; yes             ; User Verilog HDL File  ; D:/RISCV-Multicore-Project/rtl/memory/Data_Memory.v        ;         ;
; rtl/core/RISCV_Core.v            ; yes             ; User Verilog HDL File  ; D:/RISCV-Multicore-Project/rtl/core/RISCV_Core.v           ;         ;
; rtl/core/Result_Mux.v            ; yes             ; User Verilog HDL File  ; D:/RISCV-Multicore-Project/rtl/core/Result_Mux.v           ;         ;
; rtl/core/Register_File.v         ; yes             ; User Verilog HDL File  ; D:/RISCV-Multicore-Project/rtl/core/Register_File.v        ;         ;
; rtl/core/PC_Target.v             ; yes             ; User Verilog HDL File  ; D:/RISCV-Multicore-Project/rtl/core/PC_Target.v            ;         ;
; rtl/core/PC_Plus_4.v             ; yes             ; User Verilog HDL File  ; D:/RISCV-Multicore-Project/rtl/core/PC_Plus_4.v            ;         ;
; rtl/core/PC.v                    ; yes             ; User Verilog HDL File  ; D:/RISCV-Multicore-Project/rtl/core/PC.v                   ;         ;
; rtl/core/Main_Decoder.v          ; yes             ; User Verilog HDL File  ; D:/RISCV-Multicore-Project/rtl/core/Main_Decoder.v         ;         ;
; rtl/core/Extend.v                ; yes             ; User Verilog HDL File  ; D:/RISCV-Multicore-Project/rtl/core/Extend.v               ;         ;
; rtl/core/Core_Datapath.v         ; yes             ; User Verilog HDL File  ; D:/RISCV-Multicore-Project/rtl/core/Core_Datapath.v        ;         ;
; rtl/core/Control_Unit.v          ; yes             ; User Verilog HDL File  ; D:/RISCV-Multicore-Project/rtl/core/Control_Unit.v         ;         ;
; rtl/core/ALU_Mux.v               ; yes             ; User Verilog HDL File  ; D:/RISCV-Multicore-Project/rtl/core/ALU_Mux.v              ;         ;
; rtl/core/ALU_decoder.v           ; yes             ; User Verilog HDL File  ; D:/RISCV-Multicore-Project/rtl/core/ALU_decoder.v          ;         ;
; rtl/core/ALU.v                   ; yes             ; User Verilog HDL File  ; D:/RISCV-Multicore-Project/rtl/core/ALU.v                  ;         ;
+----------------------------------+-----------------+------------------------+------------------------------------------------------------+---------+


+-----------------------------------------------------+
; Analysis & Synthesis Resource Usage Summary         ;
+---------------------------------------------+-------+
; Resource                                    ; Usage ;
+---------------------------------------------+-------+
;                                             ;       ;
; Total combinational functions               ; 0     ;
; Logic element usage by number of LUT inputs ;       ;
;     -- 4 input functions                    ; 0     ;
;     -- 3 input functions                    ; 0     ;
;     -- <=2 input functions                  ; 0     ;
;                                             ;       ;
; Logic elements by mode                      ;       ;
;     -- normal mode                          ; 0     ;
;     -- arithmetic mode                      ; 0     ;
;                                             ;       ;
; Total registers                             ; 0     ;
;     -- Dedicated logic registers            ; 0     ;
;     -- I/O registers                        ; 0     ;
;                                             ;       ;
; I/O pins                                    ; 2     ;
; Embedded Multiplier 9-bit elements          ; 0     ;
+---------------------------------------------+-------+


+-----------------------------------------------------------------------------------------------------------------------------------------------------------------------------+
; Analysis & Synthesis Resource Utilization by Entity                                                                                                                         ;
+----------------------------+-------------------+--------------+-------------+--------------+---------+-----------+------+--------------+---------------------+--------------+
; Compilation Hierarchy Node ; LC Combinationals ; LC Registers ; Memory Bits ; DSP Elements ; DSP 9x9 ; DSP 18x18 ; Pins ; Virtual Pins ; Full Hierarchy Name ; Library Name ;
+----------------------------+-------------------+--------------+-------------+--------------+---------+-----------+------+--------------+---------------------+--------------+
; |DualCore_Top              ; 0 (0)             ; 0 (0)        ; 0           ; 0            ; 0       ; 0         ; 2    ; 0            ; |DualCore_Top       ; work         ;
+----------------------------+-------------------+--------------+-------------+--------------+---------+-----------+------+--------------+---------------------+--------------+
Note: For table entries with two numbers listed, the numbers in parentheses indicate the number of resources of the given type used by the specific entity alone. The numbers listed outside of parentheses indicate the total resources of the given type used by the specific entity and all of its sub-entities in the hierarchy.


+------------------------------------------------------+
; General Register Statistics                          ;
+----------------------------------------------+-------+
; Statistic                                    ; Value ;
+----------------------------------------------+-------+
; Total registers                              ; 0     ;
; Number of registers using Synchronous Clear  ; 0     ;
; Number of registers using Synchronous Load   ; 0     ;
; Number of registers using Asynchronous Clear ; 0     ;
; Number of registers using Asynchronous Load  ; 0     ;
; Number of registers using Clock Enable       ; 0     ;
; Number of registers using Preset             ; 0     ;
+----------------------------------------------+-------+


+---------------------------------------------------------------------------+
; Parameter Settings for User Entity Instance: Instruction_Memory:ROM_Core0 ;
+----------------+------------------------------------------+---------------+
; Parameter Name ; Value                                    ; Type          ;
+----------------+------------------------------------------+---------------+
; FILE_NAME      ; D:/DualCore_RISCV/software/asm/core0.txt ; String        ;
+----------------+------------------------------------------+---------------+
Note: In order to hide this table in the UI and the text report file, please set the "Show Parameter Settings in Synthesis Report" option in "Analysis and Synthesis Settings -> More Settings" to "Off".


+---------------------------------------------------------------------------+
; Parameter Settings for User Entity Instance: Instruction_Memory:ROM_Core1 ;
+----------------+------------------------------------------+---------------+
; Parameter Name ; Value                                    ; Type          ;
+----------------+------------------------------------------+---------------+
; FILE_NAME      ; D:/DualCore_RISCV/software/asm/core1.txt ; String        ;
+----------------+------------------------------------------+---------------+
Note: In order to hide this table in the UI and the text report file, please set the "Show Parameter Settings in Synthesis Report" option in "Analysis and Synthesis Settings -> More Settings" to "Off".


+-------------------------------------------------------+
; Port Connectivity Checks: "crossbar_2x3:Interconnect" ;
+----------+--------+----------+------------------------+
; Port     ; Type   ; Severity ; Details                ;
+----------+--------+----------+------------------------+
; m0_stall ; Output ; Info     ; Explicitly unconnected ;
; m0_error ; Output ; Info     ; Explicitly unconnected ;
; m1_stall ; Output ; Info     ; Explicitly unconnected ;
; m1_error ; Output ; Info     ; Explicitly unconnected ;
+----------+--------+----------+------------------------+


+------------------------------------------------------------------------------------------------------------------------------------------------------------------------------------+
; Port Connectivity Checks: "RISCV_Core:Core_0|Core_Datapath:Datapath|Result_Mux:Result_Mux_inst"                                                                                    ;
+-----------+-------+----------+-----------------------------------------------------------------------------------------------------------------------------------------------------+
; Port      ; Type  ; Severity ; Details                                                                                                                                             ;
+-----------+-------+----------+-----------------------------------------------------------------------------------------------------------------------------------------------------+
; ResultSrc ; Input ; Warning  ; Input port expression (2 bits) is smaller than the input port (32 bits) it drives.  Extra input bit(s) "ResultSrc[31..2]" will be connected to GND. ;
+-----------+-------+----------+-----------------------------------------------------------------------------------------------------------------------------------------------------+


+----------------------------------------------------------------------------------------------------------------+
; Port Connectivity Checks: "RISCV_Core:Core_0|Control_Unit:Control"                                             ;
+------+--------+----------+-------------------------------------------------------------------------------------+
; Port ; Type   ; Severity ; Details                                                                             ;
+------+--------+----------+-------------------------------------------------------------------------------------+
; Jump ; Output ; Info     ; Connected to dangling logic. Logic that only feeds a dangling port will be removed. ;
+------+--------+----------+-------------------------------------------------------------------------------------+


+-------------------------------+
; Elapsed Time Per Partition    ;
+----------------+--------------+
; Partition Name ; Elapsed Time ;
+----------------+--------------+
; Top            ; 00:00:00     ;
+----------------+--------------+


+-------------------------------+
; Analysis & Synthesis Messages ;
+-------------------------------+
Info: *******************************************************************
Info: Running Quartus II 64-Bit Analysis & Synthesis
    Info: Version 13.0.1 Build 232 06/12/2013 Service Pack 1 SJ Web Edition
    Info: Processing started: Sat Jun 27 07:23:26 2026
Info: Command: quartus_map --read_settings_files=on --write_settings_files=off RISCV-Multicore-Project -c RISCV-Multicore-Project
Info (11104): Parallel Compilation has detected 16 hyper-threaded processors. However, the extra hyper-threaded processors will not be used by default. Parallel Compilation will use 8 of the 8 physical processors detected instead.
Info (12021): Found 1 design units, including 1 entities, in source file sim/dualcore_top_tb.v
    Info (12023): Found entity 1: DualCore_Top_tb
Info (12021): Found 1 design units, including 1 entities, in source file rtl/dualcore_top.v
    Info (12023): Found entity 1: DualCore_Top
Info (12021): Found 1 design units, including 1 entities, in source file rtl/interconnect/crossbar_2x3.v
    Info (12023): Found entity 1: crossbar_2x3
Info (12021): Found 1 design units, including 1 entities, in source file rtl/ip/intercore_ctrl.v
    Info (12023): Found entity 1: InterCore_Ctrl
Info (12021): Found 1 design units, including 1 entities, in source file rtl/memory/instruction_memory.v
    Info (12023): Found entity 1: Instruction_Memory
Info (12021): Found 1 design units, including 1 entities, in source file rtl/memory/data_memory.v
    Info (12023): Found entity 1: Data_Memory
Info (12021): Found 1 design units, including 1 entities, in source file rtl/core/riscv_core.v
    Info (12023): Found entity 1: RISCV_Core
Info (12021): Found 1 design units, including 1 entities, in source file rtl/core/result_mux.v
    Info (12023): Found entity 1: Result_Mux
Info (12021): Found 1 design units, including 1 entities, in source file rtl/core/register_file.v
    Info (12023): Found entity 1: Register_File
Info (12021): Found 1 design units, including 1 entities, in source file rtl/core/pc_target.v
    Info (12023): Found entity 1: PC_Target
Info (12021): Found 1 design units, including 1 entities, in source file rtl/core/pc_plus_4.v
    Info (12023): Found entity 1: PC_Plus_4
Info (12021): Found 1 design units, including 1 entities, in source file rtl/core/pc.v
    Info (12023): Found entity 1: PC
Info (12021): Found 1 design units, including 1 entities, in source file rtl/core/main_decoder.v
    Info (12023): Found entity 1: Main_Decoder
Info (12021): Found 1 design units, including 1 entities, in source file rtl/core/extend.v
    Info (12023): Found entity 1: Extend
Info (12021): Found 1 design units, including 1 entities, in source file rtl/core/core_datapath.v
    Info (12023): Found entity 1: Core_Datapath
Info (12021): Found 1 design units, including 1 entities, in source file rtl/core/control_unit.v
    Info (12023): Found entity 1: Control_Unit
Info (12021): Found 1 design units, including 1 entities, in source file rtl/core/alu_mux.v
    Info (12023): Found entity 1: ALU_Mux
Info (12021): Found 1 design units, including 1 entities, in source file rtl/core/alu_decoder.v
    Info (12023): Found entity 1: ALU_decoder
Info (12021): Found 1 design units, including 1 entities, in source file rtl/core/alu.v
    Info (12023): Found entity 1: ALU
Info (12021): Found 1 design units, including 1 entities, in source file archive/rtl/pc_mux.v
    Info (12023): Found entity 1: PC_Mux
Info (12021): Found 1 design units, including 1 entities, in source file archive/rtl/crossbar_2x3_sharedbus.v
    Info (12023): Found entity 1: crossbar_2x3_sharedbus
Info (12021): Found 1 design units, including 1 entities, in source file archive/rtl/crossbar_2x2.v
    Info (12023): Found entity 1: crossbar_2x2
Info (12021): Found 1 design units, including 1 entities, in source file archive/rtl/bus_arbiter.v
    Info (12023): Found entity 1: Bus_Arbiter
Info (12127): Elaborating entity "DualCore_Top" for the top level hierarchy
Info (12128): Elaborating entity "Instruction_Memory" for hierarchy "Instruction_Memory:ROM_Core0"
Warning (10850): Verilog HDL warning at Instruction_Memory.v(11): number of words (117) in memory file does not match the number of elements in the address range [0:255]
Warning (10030): Net "I_MEM_BLOCK.data_a" at Instruction_Memory.v(8) has no driver or initial value, using a default initial value '0'
Warning (10030): Net "I_MEM_BLOCK.waddr_a" at Instruction_Memory.v(8) has no driver or initial value, using a default initial value '0'
Warning (10030): Net "I_MEM_BLOCK.we_a" at Instruction_Memory.v(8) has no driver or initial value, using a default initial value '0'
Info (12128): Elaborating entity "RISCV_Core" for hierarchy "RISCV_Core:Core_0"
Info (12128): Elaborating entity "Control_Unit" for hierarchy "RISCV_Core:Core_0|Control_Unit:Control"
Info (12128): Elaborating entity "Main_Decoder" for hierarchy "RISCV_Core:Core_0|Control_Unit:Control|Main_Decoder:Main_Decoder"
Info (12128): Elaborating entity "ALU_decoder" for hierarchy "RISCV_Core:Core_0|Control_Unit:Control|ALU_decoder:ALU_decoder"
Info (12128): Elaborating entity "Core_Datapath" for hierarchy "RISCV_Core:Core_0|Core_Datapath:Datapath"
Info (12128): Elaborating entity "PC" for hierarchy "RISCV_Core:Core_0|Core_Datapath:Datapath|PC:PC_inst"
Info (12128): Elaborating entity "PC_Plus_4" for hierarchy "RISCV_Core:Core_0|Core_Datapath:Datapath|PC_Plus_4:PCPlus4_inst"
Info (12128): Elaborating entity "PC_Target" for hierarchy "RISCV_Core:Core_0|Core_Datapath:Datapath|PC_Target:PCTarget_inst"
Info (12128): Elaborating entity "Register_File" for hierarchy "RISCV_Core:Core_0|Core_Datapath:Datapath|Register_File:Register_inst"
Info (12128): Elaborating entity "Extend" for hierarchy "RISCV_Core:Core_0|Core_Datapath:Datapath|Extend:Extend_inst"
Info (12128): Elaborating entity "ALU_Mux" for hierarchy "RISCV_Core:Core_0|Core_Datapath:Datapath|ALU_Mux:ALU_Mux_inst"
Info (12128): Elaborating entity "ALU" for hierarchy "RISCV_Core:Core_0|Core_Datapath:Datapath|ALU:ALU_inst"
Warning (10036): Verilog HDL or VHDL warning at ALU.v(12): object "V" assigned a value but never read
Warning (10764): Verilog HDL warning at ALU.v(48): converting signed shift amount to unsigned
Warning (10764): Verilog HDL warning at ALU.v(49): converting signed shift amount to unsigned
Warning (10764): Verilog HDL warning at ALU.v(50): converting signed shift amount to unsigned
Info (12128): Elaborating entity "Result_Mux" for hierarchy "RISCV_Core:Core_0|Core_Datapath:Datapath|Result_Mux:Result_Mux_inst"
Info (12128): Elaborating entity "Instruction_Memory" for hierarchy "Instruction_Memory:ROM_Core1"
Warning (10850): Verilog HDL warning at Instruction_Memory.v(11): number of words (117) in memory file does not match the number of elements in the address range [0:255]
Warning (10030): Net "I_MEM_BLOCK.data_a" at Instruction_Memory.v(8) has no driver or initial value, using a default initial value '0'
Warning (10030): Net "I_MEM_BLOCK.waddr_a" at Instruction_Memory.v(8) has no driver or initial value, using a default initial value '0'
Warning (10030): Net "I_MEM_BLOCK.we_a" at Instruction_Memory.v(8) has no driver or initial value, using a default initial value '0'
Info (12128): Elaborating entity "crossbar_2x3" for hierarchy "crossbar_2x3:Interconnect"
Info (12128): Elaborating entity "Data_Memory" for hierarchy "Data_Memory:Shared_RAM_Bank0"
Info (12128): Elaborating entity "InterCore_Ctrl" for hierarchy "InterCore_Ctrl:ICC_Inst"
Warning (10762): Verilog HDL Case Statement warning at InterCore_Ctrl.v(58): can't check case statement for completeness because the case expression has too many possible states
Warning (10270): Verilog HDL Case Statement warning at InterCore_Ctrl.v(58): incomplete case statement has no default case item
Warning (12010): Port "ResultSrc" on the entity instantiation of "Result_Mux_inst" is connected to a signal of width 2. The formal width of the signal in the module is 32.  The extra bits will be driven by GND.
Warning (12241): 1 hierarchies have connectivity warnings - see the Connectivity Checks report folder
Info (144001): Generated suppressed messages file D:/RISCV-Multicore-Project/output_files/RISCV-Multicore-Project.map.smsg
Info (16010): Generating hard_block partition "hard_block:auto_generated_inst"
    Info (16011): Adding 0 node(s), including 0 DDIO, 0 PLL, 0 transceiver and 0 LCELL
Warning (21074): Design contains 2 input pin(s) that do not drive logic
    Warning (15610): No output dependent on input pin "clk"
    Warning (15610): No output dependent on input pin "reset"
Info (21057): Implemented 2 device resources after synthesis - the final resource count might be different
    Info (21058): Implemented 2 input pins
    Info (21059): Implemented 0 output pins
Info: Quartus II 64-Bit Analysis & Synthesis was successful. 0 errors, 19 warnings
    Info: Peak virtual memory: 4595 megabytes
    Info: Processing ended: Sat Jun 27 07:23:27 2026
    Info: Elapsed time: 00:00:01
    Info: Total CPU time (on all processors): 00:00:01


+------------------------------------------+
; Analysis & Synthesis Suppressed Messages ;
+------------------------------------------+
The suppressed messages can be found in D:/RISCV-Multicore-Project/output_files/RISCV-Multicore-Project.map.smsg.


